  Γû▓ Next.js 14.2.35
  - Environments: .env.local

   Creating an optimized production build ...
node.exe : Failed to 
compile.
At C:\Program Files\nod
ejs\npx.ps1:29 char:3
+   & $NODE_EXE 
$NPX_CLI_JS $args
+   ~~~~~~~~~~~~~~~~~~~
~~~~~~~~~~
    + CategoryInfo     
         : NotSpecifi  
  ed: (Failed to com   
 pile.:String) [],     
RemoteException
    + FullyQualifiedEr 
   rorId : NativeComm  
  andError
 

./app/globals.css.webpa
ck[javascript/auto]!=!.
/node_modules/next/dist
/build/webpack/loaders/
css-loader/src/index.js
??ruleSet[1].rules[14].
oneOf[12].use[2]!./node
_modules/next/dist/buil
d/webpack/loaders/postc
ss-loader/src/index.js?
?ruleSet[1].rules[14].o
neOf[12].use[3]!./app/g
lobals.css
Error: Cannot find 
module 'tailwindcss'
Require stack:
- C:\Users\sumit\OneDri
ve\Desktop\ankit-soler-
power\node_modules\next
\dist\build\webpack\con
fig\blocks\css\plugins.
js
- C:\Users\sumit\OneDri
ve\Desktop\ankit-soler-
power\node_modules\next
\dist\build\webpack\con
fig\blocks\css\index.js
- C:\Users\sumit\OneDri
ve\Desktop\ankit-soler-
power\node_modules\next
\dist\build\webpack\con
fig\index.js
- C:\Users\sumit\OneDri
ve\Desktop\ankit-soler-
power\node_modules\next
\dist\build\webpack-con
fig.js
- C:\Users\sumit\OneDri
ve\Desktop\ankit-soler-
power\node_modules\next
\dist\build\webpack-bui
ld\impl.js
- C:\Users\sumit\OneDri
ve\Desktop\ankit-soler-
power\node_modules\next
\dist\compiled\jest-wor
ker\processChild.js
    at 
Function.<anonymous> (n
ode:internal/modules/cj
s/loader:1244:15)
    at C:\Users\sumit\O
neDrive\Desktop\ankit-s
oler-power\node_modules
\next\dist\server\requi
re-hook.js:55:36
    at 
Function.resolve (node:
internal/modules/helper
s:146:19)
    at loadPlugin (C:\U
sers\sumit\OneDrive\Des
ktop\ankit-soler-power\
node_modules\next\dist\
build\webpack\config\bl
ocks\css\plugins.js:49:
32)
    at C:\Users\sumit\O
neDrive\Desktop\ankit-s
oler-power\node_modules
\next\dist\build\webpac
k\config\blocks\css\plu
gins.js:157:56
    at Array.map 
(<anonymous>)
    at 
getPostCssPlugins (C:\U
sers\sumit\OneDrive\Des
ktop\ankit-soler-power\
node_modules\next\dist\
build\webpack\config\bl
ocks\css\plugins.js:157
:47)
    at async C:\Users\s
umit\OneDrive\Desktop\a
nkit-soler-power\node_m
odules\next\dist\build\
webpack\config\blocks\c
ss\index.js:124:36
    at async C:\Users\s
umit\OneDrive\Desktop\a
nkit-soler-power\node_m
odules\next\dist\build\
webpack\loaders\postcss
-loader\src\index.js:51
:40
    at async 
Span.traceAsyncFn (C:\U
sers\sumit\OneDrive\Des
ktop\ankit-soler-power\
node_modules\next\dist\
trace\trace.js:154:20)

Import trace for 
requested module:
./app/globals.css.webpa
ck[javascript/auto]!=!.
/node_modules/next/dist
/build/webpack/loaders/
css-loader/src/index.js
??ruleSet[1].rules[14].
oneOf[12].use[2]!./node
_modules/next/dist/buil
d/webpack/loaders/postc
ss-loader/src/index.js?
?ruleSet[1].rules[14].o
neOf[12].use[3]!./app/g
lobals.css
./app/globals.css

./app/globals.css
Error: Cannot find 
module 'tailwindcss'
Require stack:
- C:\Users\sumit\OneDri
ve\Desktop\ankit-soler-
power\node_modules\next
\dist\build\webpack\con
fig\blocks\css\plugins.
js
- C:\Users\sumit\OneDri
ve\Desktop\ankit-soler-
power\node_modules\next
\dist\build\webpack\con
fig\blocks\css\index.js
- C:\Users\sumit\OneDri
ve\Desktop\ankit-soler-
power\node_modules\next
\dist\build\webpack\con
fig\index.js
- C:\Users\sumit\OneDri
ve\Desktop\ankit-soler-
power\node_modules\next
\dist\build\webpack-con
fig.js
- C:\Users\sumit\OneDri
ve\Desktop\ankit-soler-
power\node_modules\next
\dist\build\webpack-bui
ld\impl.js
- C:\Users\sumit\OneDri
ve\Desktop\ankit-soler-
power\node_modules\next
\dist\compiled\jest-wor
ker\processChild.js
    at 
Function.<anonymous> (n
ode:internal/modules/cj
s/loader:1244:15)
    at C:\Users\sumit\O
neDrive\Desktop\ankit-s
oler-power\node_modules
\next\dist\server\requi
re-hook.js:55:36
    at 
Function.resolve (node:
internal/modules/helper
s:146:19)
    at loadPlugin (C:\U
sers\sumit\OneDrive\Des
ktop\ankit-soler-power\
node_modules\next\dist\
build\webpack\config\bl
ocks\css\plugins.js:49:
32)
    at C:\Users\sumit\O
neDrive\Desktop\ankit-s
oler-power\node_modules
\next\dist\build\webpac
k\config\blocks\css\plu
gins.js:157:56
    at Array.map 
(<anonymous>)
    at 
getPostCssPlugins (C:\U
sers\sumit\OneDrive\Des
ktop\ankit-soler-power\
node_modules\next\dist\
build\webpack\config\bl
ocks\css\plugins.js:157
:47)
    at async C:\Users\s
umit\OneDrive\Desktop\a
nkit-soler-power\node_m
odules\next\dist\build\
webpack\config\blocks\c
ss\index.js:124:36
    at async C:\Users\s
umit\OneDrive\Desktop\a
nkit-soler-power\node_m
odules\next\dist\build\
webpack\loaders\postcss
-loader\src\index.js:51
:40
    at async 
Span.traceAsyncFn (C:\U
sers\sumit\OneDrive\Des
ktop\ankit-soler-power\
node_modules\next\dist\
trace\trace.js:154:20)
    at 
tryRunOrWebpackError (C
:\Users\sumit\OneDrive\
Desktop\ankit-soler-pow
er\node_modules\next\di
st\compiled\webpack\bun
dle5.js:28:312989)
    at __webpack_requir
e_module__ (C:\Users\su
mit\OneDrive\Desktop\an
kit-soler-power\node_mo
dules\next\dist\compile
d\webpack\bundle5.js:28
:131165)
    at __nested_webpack
_require_153728__ (C:\U
sers\sumit\OneDrive\Des
ktop\ankit-soler-power\
node_modules\next\dist\
compiled\webpack\bundle
5.js:28:130607)
    at C:\Users\sumit\O
neDrive\Desktop\ankit-s
oler-power\node_modules
\next\dist\compiled\web
pack\bundle5.js:28:1314
54
    at symbolIterator (
C:\Users\sumit\OneDrive
\Desktop\ankit-soler-po
wer\node_modules\next\d
ist\compiled\neo-async\
async.js:1:14444)
    at done (C:\Users\s
umit\OneDrive\Desktop\a
nkit-soler-power\node_m
odules\next\dist\compil
ed\neo-async\async.js:1
:14824)
    at Hook.eval [as 
callAsync] (eval at 
create (C:\Users\sumit\
OneDrive\Desktop\ankit-
soler-power\node_module
s\next\dist\compiled\we
bpack\bundle5.js:13:288
58), <anonymous>:15:1)
    at Hook.CALL_ASYNC_
DELEGATE [as 
_callAsync] (C:\Users\s
umit\OneDrive\Desktop\a
nkit-soler-power\node_m
odules\next\dist\compil
ed\webpack\bundle5.js:1
3:26012)
    at C:\Users\sumit\O
neDrive\Desktop\ankit-s
oler-power\node_modules
\next\dist\compiled\web
pack\bundle5.js:28:1303
28
    at symbolIterator (
C:\Users\sumit\OneDrive
\Desktop\ankit-soler-po
wer\node_modules\next\d
ist\compiled\neo-async\
async.js:1:14402)
-- inner error --
Error: Cannot find 
module 'tailwindcss'
Require stack:
- C:\Users\sumit\OneDri
ve\Desktop\ankit-soler-
power\node_modules\next
\dist\build\webpack\con
fig\blocks\css\plugins.
js
- C:\Users\sumit\OneDri
ve\Desktop\ankit-soler-
power\node_modules\next
\dist\build\webpack\con
fig\blocks\css\index.js
- C:\Users\sumit\OneDri
ve\Desktop\ankit-soler-
power\node_modules\next
\dist\build\webpack\con
fig\index.js
- C:\Users\sumit\OneDri
ve\Desktop\ankit-soler-
power\node_modules\next
\dist\build\webpack-con
fig.js
- C:\Users\sumit\OneDri
ve\Desktop\ankit-soler-
power\node_modules\next
\dist\build\webpack-bui
ld\impl.js
- C:\Users\sumit\OneDri
ve\Desktop\ankit-soler-
power\node_modules\next
\dist\compiled\jest-wor
ker\processChild.js
    at 
Function.<anonymous> (n
ode:internal/modules/cj
s/loader:1244:15)
    at C:\Users\sumit\O
neDrive\Desktop\ankit-s
oler-power\node_modules
\next\dist\server\requi
re-hook.js:55:36
    at 
Function.resolve (node:
internal/modules/helper
s:146:19)
    at loadPlugin (C:\U
sers\sumit\OneDrive\Des
ktop\ankit-soler-power\
node_modules\next\dist\
build\webpack\config\bl
ocks\css\plugins.js:49:
32)
    at C:\Users\sumit\O
neDrive\Desktop\ankit-s
oler-power\node_modules
\next\dist\build\webpac
k\config\blocks\css\plu
gins.js:157:56
    at Array.map 
(<anonymous>)
    at 
getPostCssPlugins (C:\U
sers\sumit\OneDrive\Des
ktop\ankit-soler-power\
node_modules\next\dist\
build\webpack\config\bl
ocks\css\plugins.js:157
:47)
    at async C:\Users\s
umit\OneDrive\Desktop\a
nkit-soler-power\node_m
odules\next\dist\build\
webpack\config\blocks\c
ss\index.js:124:36
    at async C:\Users\s
umit\OneDrive\Desktop\a
nkit-soler-power\node_m
odules\next\dist\build\
webpack\loaders\postcss
-loader\src\index.js:51
:40
    at async 
Span.traceAsyncFn (C:\U
sers\sumit\OneDrive\Des
ktop\ankit-soler-power\
node_modules\next\dist\
trace\trace.js:154:20)
    at 
Object.<anonymous> (C:\
Users\sumit\OneDrive\De
sktop\ankit-soler-power
\node_modules\next\dist
\build\webpack\loaders\
css-loader\src\index.js
??ruleSet[1].rules[14].
oneOf[12].use[2]!C:\Use
rs\sumit\OneDrive\Deskt
op\ankit-soler-power\no
de_modules\next\dist\bu
ild\webpack\loaders\pos
tcss-loader\src\index.j
s??ruleSet[1].rules[14]
.oneOf[12].use[3]!C:\Us
ers\sumit\OneDrive\Desk
top\ankit-soler-power\a
pp\globals.css:1:7)
    at C:\Users\sumit\O
neDrive\Desktop\ankit-s
oler-power\node_modules
\next\dist\compiled\web
pack\bundle5.js:28:9224
93
    at Hook.eval [as 
call] (eval at create (
C:\Users\sumit\OneDrive
\Desktop\ankit-soler-po
wer\node_modules\next\d
ist\compiled\webpack\bu
ndle5.js:13:28636), 
<anonymous>:7:1)
    at 
Hook.CALL_DELEGATE [as 
_call] (C:\Users\sumit\
OneDrive\Desktop\ankit-
soler-power\node_module
s\next\dist\compiled\we
bpack\bundle5.js:13:259
06)
    at C:\Users\sumit\O
neDrive\Desktop\ankit-s
oler-power\node_modules
\next\dist\compiled\web
pack\bundle5.js:28:1311
98
    at 
tryRunOrWebpackError (C
:\Users\sumit\OneDrive\
Desktop\ankit-soler-pow
er\node_modules\next\di
st\compiled\webpack\bun
dle5.js:28:312943)
    at __webpack_requir
e_module__ (C:\Users\su
mit\OneDrive\Desktop\an
kit-soler-power\node_mo
dules\next\dist\compile
d\webpack\bundle5.js:28
:131165)
    at __nested_webpack
_require_153728__ (C:\U
sers\sumit\OneDrive\Des
ktop\ankit-soler-power\
node_modules\next\dist\
compiled\webpack\bundle
5.js:28:130607)
    at C:\Users\sumit\O
neDrive\Desktop\ankit-s
oler-power\node_modules
\next\dist\compiled\web
pack\bundle5.js:28:1314
54
    at symbolIterator (
C:\Users\sumit\OneDrive
\Desktop\ankit-soler-po
wer\node_modules\next\d
ist\compiled\neo-async\
async.js:1:14444)

Generated code for C:\U
sers\sumit\OneDrive\Des
ktop\ankit-soler-power\
node_modules\next\dist\
build\webpack\loaders\c
ss-loader\src\index.js?
?ruleSet[1].rules[14].o
neOf[12].use[2]!C:\User
s\sumit\OneDrive\Deskto
p\ankit-soler-power\nod
e_modules\next\dist\bui
ld\webpack\loaders\post
css-loader\src\index.js
??ruleSet[1].rules[14].
oneOf[12].use[3]!C:\Use
rs\sumit\OneDrive\Deskt
op\ankit-soler-power\ap
p\globals.css

Import trace for 
requested module:
./app/globals.css


> Build failed because 
of webpack errors
