models/Admin.ts(27,44): error TS2349: This expression is not callable.
  Type 'SaveOptions' has no call signatures.
models/Admin.ts(30,3): error TS2349: This expression is not callable.
  Type 'SaveOptions' has no call signatures.
tailwind.config.ts(1,29): error TS2307: Cannot find module 'tailwindcss' or its corresponding type declarations.
